ARM Linker, 4.1 [Build 481] [Professional]

==============================================================================

Section Cross References

    main.o(.text) refers to queue.o(.text) for xQueueGenericReceive
    main.o(.text) refers to tasks.o(.text) for vTaskDelay
    main.o(.text) refers to strcmp.o(.text) for strcmp
    main.o(.text) refers to printf3.o(i.__0printf$3) for __2printf
    main.o(.text) refers to memseta.o(.text) for __aeabi_memclr
    main.o(.text) refers to stm32f10x_usart.o(.text) for USART_ClockInit
    main.o(.text) refers to stm32f10x_gpio.o(.text) for GPIO_Init
    main.o(.text) refers to misc.o(.text) for NVIC_SetVectorTable
    main.o(.text) refers to stm32f10x_rcc.o(.text) for RCC_DeInit
    main.o(.text) refers to stm32f10x_flash.o(.text) for FLASH_SetLatency
    main.o(.text) refers to timers.o(.text) for xTimerCreate
    main.o(.text) refers to main.o(.data) for MsgQueue
    main.o(.text) refers to uart.o(.bss) for USART_RX_BUF
    main.o(.text) refers to uart.o(.data) for index_receive
    uart.o(.text) refers to stm32f10x_usart.o(.text) for USART_GetITStatus
    uart.o(.text) refers to timers.o(.text) for xTimerGenericCommand
    uart.o(.text) refers to tasks.o(.text) for xTaskGetTickCount
    uart.o(.text) refers to uart.o(.data) for index_receive
    uart.o(.text) refers to uart.o(.bss) for USART_RX_BUF
    uart.o(.text) refers to main.o(.data) for Receive_Timer
    stm32f10x_gpio.o(.text) refers to stm32f10x_rcc.o(.text) for RCC_APB2PeriphResetCmd
    stm32f10x_rcc.o(.text) refers to stm32f10x_rcc.o(.data) for APBAHBPrescTable
    stm32f10x_usart.o(.text) refers to stm32f10x_rcc.o(.text) for RCC_APB2PeriphResetCmd
    stm32f10x_wwdg.o(.text) refers to stm32f10x_rcc.o(.text) for RCC_APB1PeriphResetCmd
    stm32f10x_adc.o(.text) refers to stm32f10x_rcc.o(.text) for RCC_APB2PeriphResetCmd
    stm32f10x_bkp.o(.text) refers to stm32f10x_rcc.o(.text) for RCC_BackupResetCmd
    stm32f10x_can.o(.text) refers to stm32f10x_rcc.o(.text) for RCC_APB1PeriphResetCmd
    stm32f10x_cec.o(.text) refers to stm32f10x_rcc.o(.text) for RCC_APB1PeriphResetCmd
    stm32f10x_dac.o(.text) refers to stm32f10x_rcc.o(.text) for RCC_APB1PeriphResetCmd
    stm32f10x_i2c.o(.text) refers to stm32f10x_rcc.o(.text) for RCC_APB1PeriphResetCmd
    stm32f10x_pwr.o(.text) refers to stm32f10x_rcc.o(.text) for RCC_APB1PeriphResetCmd
    stm32f10x_spi.o(.text) refers to stm32f10x_rcc.o(.text) for RCC_APB2PeriphResetCmd
    stm32f10x_tim.o(.text) refers to stm32f10x_rcc.o(.text) for RCC_APB2PeriphResetCmd
    startup_stm32f10x_hd.o(RESET) refers to startup_stm32f10x_hd.o(STACK) for __initial_sp
    startup_stm32f10x_hd.o(RESET) refers to startup_stm32f10x_hd.o(.text) for Reset_Handler
    startup_stm32f10x_hd.o(RESET) refers to stm32f10x_it.o(.text) for NMI_Handler
    startup_stm32f10x_hd.o(RESET) refers to port.o(.emb_text) for vPortSVCHandler
    startup_stm32f10x_hd.o(RESET) refers to port.o(.text) for xPortSysTickHandler
    startup_stm32f10x_hd.o(RESET) refers to uart.o(.text) for USART1_IRQHandler
    startup_stm32f10x_hd.o(.text) refers to system_stm32f10x.o(.text) for SystemInit
    startup_stm32f10x_hd.o(.text) refers to entry.o(.ARM.Collect$$$$00000000) for __main
    system_stm32f10x.o(.text) refers to system_stm32f10x.o(.data) for SystemCoreClock
    queue.o(.text) refers to port.o(.text) for vPortEnterCritical
    queue.o(.text) refers to tasks.o(.text) for xTaskRemoveFromEventList
    queue.o(.text) refers to list.o(.text) for vListInitialise
    queue.o(.text) refers to heap_2.o(.text) for pvPortMalloc
    queue.o(.text) refers to memcpya.o(.text) for __aeabi_memcpy
    queue.o(.text) refers to port.o(.emb_text) for ulPortSetInterruptMask
    tasks.o(.text) refers to list.o(.text) for vListInitialise
    tasks.o(.text) refers to heap_2.o(.text) for pvPortMalloc
    tasks.o(.text) refers to port.o(.text) for pxPortInitialiseStack
    tasks.o(.text) refers to tasks.o(.bss) for pxReadyTasksLists
    tasks.o(.text) refers to tasks.o(.data) for pxDelayedTaskList
    tasks.o(.text) refers to port.o(.emb_text) for ulPortSetInterruptMask
    tasks.o(.text) refers to timers.o(.text) for xTimerCreateTimerTask
    timers.o(.text) refers to list.o(.text) for vListInsert
    timers.o(.text) refers to tasks.o(.text) for xTaskGetSchedulerState
    timers.o(.text) refers to queue.o(.text) for xQueueGenericSend
    timers.o(.text) refers to heap_2.o(.text) for vPortFree
    timers.o(.text) refers to port.o(.text) for vPortYield
    timers.o(.text) refers to timers.o(.data) for pxOverflowTimerList
    timers.o(.text) refers to timers.o(.bss) for xActiveTimerList1
    port.o(.emb_text) refers to tasks.o(.text) for vTaskSwitchContext
    port.o(.emb_text) refers to tasks.o(.data) for pxCurrentTCB
    port.o(.text) refers to port.o(.emb_text) for ulPortSetInterruptMask
    port.o(.text) refers to tasks.o(.text) for xTaskIncrementTick
    port.o(.text) refers to port.o(.data) for uxCriticalNesting
    heap_2.o(.text) refers to tasks.o(.text) for vTaskSuspendAll
    heap_2.o(.text) refers to heap_2.o(.bss) for ucHeap
    heap_2.o(.text) refers to heap_2.o(.data) for xStart
    entry.o(.ARM.Collect$$$$00000000) refers (Special) to entry7.o(.ARM.Collect$$$$00000007) for _main_init
    entry.o(.ARM.Collect$$$$00000000) refers (Special) to entry5.o(.ARM.Collect$$$$00000004) for _main_scatterload
    entry.o(.ARM.Collect$$$$00000000) refers (Special) to entry2.o(.ARM.Collect$$$$00000001) for _main_stk
    printfb.o(i.__0fprintf$bare) refers to printfb.o(i._printf_core) for _printf_core
    printfb.o(i.__0fprintf$bare) refers to main.o(.text) for fputc
    printfb.o(i.__0printf$bare) refers to printfb.o(i._printf_core) for _printf_core
    printfb.o(i.__0printf$bare) refers to main.o(.text) for fputc
    printfb.o(i.__0printf$bare) refers to stdout.o(.data) for __stdout
    printfb.o(i.__0snprintf$bare) refers to printfb.o(i._printf_core) for _printf_core
    printfb.o(i.__0snprintf$bare) refers to printfb.o(i._snputc) for _snputc
    printfb.o(i.__0sprintf$bare) refers to printfb.o(i._printf_core) for _printf_core
    printfb.o(i.__0sprintf$bare) refers to printfb.o(i._sputc) for _sputc
    printfb.o(i.__0vfprintf$bare) refers to printfb.o(i._printf_core) for _printf_core
    printfb.o(i.__0vfprintf$bare) refers to main.o(.text) for fputc
    printfb.o(i.__0vprintf$bare) refers to printfb.o(i._printf_core) for _printf_core
    printfb.o(i.__0vprintf$bare) refers to main.o(.text) for fputc
    printfb.o(i.__0vprintf$bare) refers to stdout.o(.data) for __stdout
    printfb.o(i.__0vsnprintf$bare) refers to printfb.o(i._printf_core) for _printf_core
    printfb.o(i.__0vsnprintf$bare) refers to printfb.o(i._snputc) for _snputc
    printfb.o(i.__0vsprintf$bare) refers to printfb.o(i._printf_core) for _printf_core
    printfb.o(i.__0vsprintf$bare) refers to printfb.o(i._sputc) for _sputc
    printf0.o(i.__0fprintf$0) refers to printf0.o(i._printf_core) for _printf_core
    printf0.o(i.__0fprintf$0) refers to main.o(.text) for fputc
    printf0.o(i.__0printf$0) refers to printf0.o(i._printf_core) for _printf_core
    printf0.o(i.__0printf$0) refers to main.o(.text) for fputc
    printf0.o(i.__0printf$0) refers to stdout.o(.data) for __stdout
    printf0.o(i.__0snprintf$0) refers to printf0.o(i._printf_core) for _printf_core
    printf0.o(i.__0snprintf$0) refers to printf0.o(i._snputc) for _snputc
    printf0.o(i.__0sprintf$0) refers to printf0.o(i._printf_core) for _printf_core
    printf0.o(i.__0sprintf$0) refers to printf0.o(i._sputc) for _sputc
    printf0.o(i.__0vfprintf$0) refers to printf0.o(i._printf_core) for _printf_core
    printf0.o(i.__0vfprintf$0) refers to main.o(.text) for fputc
    printf0.o(i.__0vprintf$0) refers to printf0.o(i._printf_core) for _printf_core
    printf0.o(i.__0vprintf$0) refers to main.o(.text) for fputc
    printf0.o(i.__0vprintf$0) refers to stdout.o(.data) for __stdout
    printf0.o(i.__0vsnprintf$0) refers to printf0.o(i._printf_core) for _printf_core
    printf0.o(i.__0vsnprintf$0) refers to printf0.o(i._snputc) for _snputc
    printf0.o(i.__0vsprintf$0) refers to printf0.o(i._printf_core) for _printf_core
    printf0.o(i.__0vsprintf$0) refers to printf0.o(i._sputc) for _sputc
    printf1.o(i.__0fprintf$1) refers to printf1.o(i._printf_core) for _printf_core
    printf1.o(i.__0fprintf$1) refers to main.o(.text) for fputc
    printf1.o(i.__0printf$1) refers to printf1.o(i._printf_core) for _printf_core
    printf1.o(i.__0printf$1) refers to main.o(.text) for fputc
    printf1.o(i.__0printf$1) refers to stdout.o(.data) for __stdout
    printf1.o(i.__0snprintf$1) refers to printf1.o(i._printf_core) for _printf_core
    printf1.o(i.__0snprintf$1) refers to printf1.o(i._snputc) for _snputc
    printf1.o(i.__0sprintf$1) refers to printf1.o(i._printf_core) for _printf_core
    printf1.o(i.__0sprintf$1) refers to printf1.o(i._sputc) for _sputc
    printf1.o(i.__0vfprintf$1) refers to printf1.o(i._printf_core) for _printf_core
    printf1.o(i.__0vfprintf$1) refers to main.o(.text) for fputc
    printf1.o(i.__0vprintf$1) refers to printf1.o(i._printf_core) for _printf_core
    printf1.o(i.__0vprintf$1) refers to main.o(.text) for fputc
    printf1.o(i.__0vprintf$1) refers to stdout.o(.data) for __stdout
    printf1.o(i.__0vsnprintf$1) refers to printf1.o(i._printf_core) for _printf_core
    printf1.o(i.__0vsnprintf$1) refers to printf1.o(i._snputc) for _snputc
    printf1.o(i.__0vsprintf$1) refers to printf1.o(i._printf_core) for _printf_core
    printf1.o(i.__0vsprintf$1) refers to printf1.o(i._sputc) for _sputc
    printf1.o(i._printf_core) refers to uidiv.o(.text) for __aeabi_uidivmod
    printf2.o(i.__0fprintf$2) refers to printf2.o(i._printf_core) for _printf_core
    printf2.o(i.__0fprintf$2) refers to main.o(.text) for fputc
    printf2.o(i.__0printf$2) refers to printf2.o(i._printf_core) for _printf_core
    printf2.o(i.__0printf$2) refers to main.o(.text) for fputc
    printf2.o(i.__0printf$2) refers to stdout.o(.data) for __stdout
    printf2.o(i.__0snprintf$2) refers to printf2.o(i._printf_core) for _printf_core
    printf2.o(i.__0snprintf$2) refers to printf2.o(i._snputc) for _snputc
    printf2.o(i.__0sprintf$2) refers to printf2.o(i._printf_core) for _printf_core
    printf2.o(i.__0sprintf$2) refers to printf2.o(i._sputc) for _sputc
    printf2.o(i.__0vfprintf$2) refers to printf2.o(i._printf_core) for _printf_core
    printf2.o(i.__0vfprintf$2) refers to main.o(.text) for fputc
    printf2.o(i.__0vprintf$2) refers to printf2.o(i._printf_core) for _printf_core
    printf2.o(i.__0vprintf$2) refers to main.o(.text) for fputc
    printf2.o(i.__0vprintf$2) refers to stdout.o(.data) for __stdout
    printf2.o(i.__0vsnprintf$2) refers to printf2.o(i._printf_core) for _printf_core
    printf2.o(i.__0vsnprintf$2) refers to printf2.o(i._snputc) for _snputc
    printf2.o(i.__0vsprintf$2) refers to printf2.o(i._printf_core) for _printf_core
    printf2.o(i.__0vsprintf$2) refers to printf2.o(i._sputc) for _sputc
    printf3.o(i.__0fprintf$3) refers to printf3.o(i._printf_core) for _printf_core
    printf3.o(i.__0fprintf$3) refers to main.o(.text) for fputc
    printf3.o(i.__0printf$3) refers to printf3.o(i._printf_core) for _printf_core
    printf3.o(i.__0printf$3) refers to main.o(.text) for fputc
    printf3.o(i.__0printf$3) refers to stdout.o(.data) for __stdout
    printf3.o(i.__0snprintf$3) refers to printf3.o(i._printf_core) for _printf_core
    printf3.o(i.__0snprintf$3) refers to printf3.o(i._snputc) for _snputc
    printf3.o(i.__0sprintf$3) refers to printf3.o(i._printf_core) for _printf_core
    printf3.o(i.__0sprintf$3) refers to printf3.o(i._sputc) for _sputc
    printf3.o(i.__0vfprintf$3) refers to printf3.o(i._printf_core) for _printf_core
    printf3.o(i.__0vfprintf$3) refers to main.o(.text) for fputc
    printf3.o(i.__0vprintf$3) refers to printf3.o(i._printf_core) for _printf_core
    printf3.o(i.__0vprintf$3) refers to main.o(.text) for fputc
    printf3.o(i.__0vprintf$3) refers to stdout.o(.data) for __stdout
    printf3.o(i.__0vsnprintf$3) refers to printf3.o(i._printf_core) for _printf_core
    printf3.o(i.__0vsnprintf$3) refers to printf3.o(i._snputc) for _snputc
    printf3.o(i.__0vsprintf$3) refers to printf3.o(i._printf_core) for _printf_core
    printf3.o(i.__0vsprintf$3) refers to printf3.o(i._sputc) for _sputc
    printf3.o(i._printf_core) refers to uidiv.o(.text) for __aeabi_uidivmod
    printf4.o(i.__0fprintf$4) refers to printf4.o(i._printf_core) for _printf_core
    printf4.o(i.__0fprintf$4) refers to main.o(.text) for fputc
    printf4.o(i.__0printf$4) refers to printf4.o(i._printf_core) for _printf_core
    printf4.o(i.__0printf$4) refers to main.o(.text) for fputc
    printf4.o(i.__0printf$4) refers to stdout.o(.data) for __stdout
    printf4.o(i.__0snprintf$4) refers to printf4.o(i._printf_core) for _printf_core
    printf4.o(i.__0snprintf$4) refers to printf4.o(i._snputc) for _snputc
    printf4.o(i.__0sprintf$4) refers to printf4.o(i._printf_core) for _printf_core
    printf4.o(i.__0sprintf$4) refers to printf4.o(i._sputc) for _sputc
    printf4.o(i.__0vfprintf$4) refers to printf4.o(i._printf_core) for _printf_core
    printf4.o(i.__0vfprintf$4) refers to main.o(.text) for fputc
    printf4.o(i.__0vprintf$4) refers to printf4.o(i._printf_core) for _printf_core
    printf4.o(i.__0vprintf$4) refers to main.o(.text) for fputc
    printf4.o(i.__0vprintf$4) refers to stdout.o(.data) for __stdout
    printf4.o(i.__0vsnprintf$4) refers to printf4.o(i._printf_core) for _printf_core
    printf4.o(i.__0vsnprintf$4) refers to printf4.o(i._snputc) for _snputc
    printf4.o(i.__0vsprintf$4) refers to printf4.o(i._printf_core) for _printf_core
    printf4.o(i.__0vsprintf$4) refers to printf4.o(i._sputc) for _sputc
    printf4.o(i._printf_core) refers to uldiv.o(.text) for __aeabi_uldivmod
    printf5.o(i.__0fprintf$5) refers to printf5.o(i._printf_core) for _printf_core
    printf5.o(i.__0fprintf$5) refers to main.o(.text) for fputc
    printf5.o(i.__0printf$5) refers to printf5.o(i._printf_core) for _printf_core
    printf5.o(i.__0printf$5) refers to main.o(.text) for fputc
    printf5.o(i.__0printf$5) refers to stdout.o(.data) for __stdout
    printf5.o(i.__0snprintf$5) refers to printf5.o(i._printf_core) for _printf_core
    printf5.o(i.__0snprintf$5) refers to printf5.o(i._snputc) for _snputc
    printf5.o(i.__0sprintf$5) refers to printf5.o(i._printf_core) for _printf_core
    printf5.o(i.__0sprintf$5) refers to printf5.o(i._sputc) for _sputc
    printf5.o(i.__0vfprintf$5) refers to printf5.o(i._printf_core) for _printf_core
    printf5.o(i.__0vfprintf$5) refers to main.o(.text) for fputc
    printf5.o(i.__0vprintf$5) refers to printf5.o(i._printf_core) for _printf_core
    printf5.o(i.__0vprintf$5) refers to main.o(.text) for fputc
    printf5.o(i.__0vprintf$5) refers to stdout.o(.data) for __stdout
    printf5.o(i.__0vsnprintf$5) refers to printf5.o(i._printf_core) for _printf_core
    printf5.o(i.__0vsnprintf$5) refers to printf5.o(i._snputc) for _snputc
    printf5.o(i.__0vsprintf$5) refers to printf5.o(i._printf_core) for _printf_core
    printf5.o(i.__0vsprintf$5) refers to printf5.o(i._sputc) for _sputc
    printf5.o(i._printf_core) refers to uldiv.o(.text) for __aeabi_uldivmod
    printf6.o(i.__0fprintf$6) refers to printf6.o(i._printf_core) for _printf_core
    printf6.o(i.__0fprintf$6) refers to main.o(.text) for fputc
    printf6.o(i.__0printf$6) refers to printf6.o(i._printf_core) for _printf_core
    printf6.o(i.__0printf$6) refers to main.o(.text) for fputc
    printf6.o(i.__0printf$6) refers to stdout.o(.data) for __stdout
    printf6.o(i.__0snprintf$6) refers to printf6.o(i._printf_core) for _printf_core
    printf6.o(i.__0snprintf$6) refers to printf6.o(i._snputc) for _snputc
    printf6.o(i.__0sprintf$6) refers to printf6.o(i._printf_core) for _printf_core
    printf6.o(i.__0sprintf$6) refers to printf6.o(i._sputc) for _sputc
    printf6.o(i.__0vfprintf$6) refers to printf6.o(i._printf_core) for _printf_core
    printf6.o(i.__0vfprintf$6) refers to main.o(.text) for fputc
    printf6.o(i.__0vprintf$6) refers to printf6.o(i._printf_core) for _printf_core
    printf6.o(i.__0vprintf$6) refers to main.o(.text) for fputc
    printf6.o(i.__0vprintf$6) refers to stdout.o(.data) for __stdout
    printf6.o(i.__0vsnprintf$6) refers to printf6.o(i._printf_core) for _printf_core
    printf6.o(i.__0vsnprintf$6) refers to printf6.o(i._snputc) for _snputc
    printf6.o(i.__0vsprintf$6) refers to printf6.o(i._printf_core) for _printf_core
    printf6.o(i.__0vsprintf$6) refers to printf6.o(i._sputc) for _sputc
    printf6.o(i._printf_core) refers to printf6.o(i._printf_pre_padding) for _printf_pre_padding
    printf6.o(i._printf_core) refers to uidiv.o(.text) for __aeabi_uidivmod
    printf6.o(i._printf_core) refers to printf6.o(i._printf_post_padding) for _printf_post_padding
    printf7.o(i.__0fprintf$7) refers to printf7.o(i._printf_core) for _printf_core
    printf7.o(i.__0fprintf$7) refers to main.o(.text) for fputc
    printf7.o(i.__0printf$7) refers to printf7.o(i._printf_core) for _printf_core
    printf7.o(i.__0printf$7) refers to main.o(.text) for fputc
    printf7.o(i.__0printf$7) refers to stdout.o(.data) for __stdout
    printf7.o(i.__0snprintf$7) refers to printf7.o(i._printf_core) for _printf_core
    printf7.o(i.__0snprintf$7) refers to printf7.o(i._snputc) for _snputc
    printf7.o(i.__0sprintf$7) refers to printf7.o(i._printf_core) for _printf_core
    printf7.o(i.__0sprintf$7) refers to printf7.o(i._sputc) for _sputc
    printf7.o(i.__0vfprintf$7) refers to printf7.o(i._printf_core) for _printf_core
    printf7.o(i.__0vfprintf$7) refers to main.o(.text) for fputc
    printf7.o(i.__0vprintf$7) refers to printf7.o(i._printf_core) for _printf_core
    printf7.o(i.__0vprintf$7) refers to main.o(.text) for fputc
    printf7.o(i.__0vprintf$7) refers to stdout.o(.data) for __stdout
    printf7.o(i.__0vsnprintf$7) refers to printf7.o(i._printf_core) for _printf_core
    printf7.o(i.__0vsnprintf$7) refers to printf7.o(i._snputc) for _snputc
    printf7.o(i.__0vsprintf$7) refers to printf7.o(i._printf_core) for _printf_core
    printf7.o(i.__0vsprintf$7) refers to printf7.o(i._sputc) for _sputc
    printf7.o(i._printf_core) refers to printf7.o(i._printf_pre_padding) for _printf_pre_padding
    printf7.o(i._printf_core) refers to uldiv.o(.text) for __aeabi_uldivmod
    printf7.o(i._printf_core) refers to printf7.o(i._printf_post_padding) for _printf_post_padding
    printf8.o(i.__0fprintf$8) refers to printf8.o(i._printf_core) for _printf_core
    printf8.o(i.__0fprintf$8) refers to main.o(.text) for fputc
    printf8.o(i.__0printf$8) refers to printf8.o(i._printf_core) for _printf_core
    printf8.o(i.__0printf$8) refers to main.o(.text) for fputc
    printf8.o(i.__0printf$8) refers to stdout.o(.data) for __stdout
    printf8.o(i.__0snprintf$8) refers to printf8.o(i._printf_core) for _printf_core
    printf8.o(i.__0snprintf$8) refers to printf8.o(i._snputc) for _snputc
    printf8.o(i.__0sprintf$8) refers to printf8.o(i._printf_core) for _printf_core
    printf8.o(i.__0sprintf$8) refers to printf8.o(i._sputc) for _sputc
    printf8.o(i.__0vfprintf$8) refers to printf8.o(i._printf_core) for _printf_core
    printf8.o(i.__0vfprintf$8) refers to main.o(.text) for fputc
    printf8.o(i.__0vprintf$8) refers to printf8.o(i._printf_core) for _printf_core
    printf8.o(i.__0vprintf$8) refers to main.o(.text) for fputc
    printf8.o(i.__0vprintf$8) refers to stdout.o(.data) for __stdout
    printf8.o(i.__0vsnprintf$8) refers to printf8.o(i._printf_core) for _printf_core
    printf8.o(i.__0vsnprintf$8) refers to printf8.o(i._snputc) for _snputc
    printf8.o(i.__0vsprintf$8) refers to printf8.o(i._printf_core) for _printf_core
    printf8.o(i.__0vsprintf$8) refers to printf8.o(i._sputc) for _sputc
    printf8.o(i._printf_core) refers to printf8.o(i._printf_pre_padding) for _printf_pre_padding
    printf8.o(i._printf_core) refers to uldiv.o(.text) for __aeabi_uldivmod
    printf8.o(i._printf_core) refers to printf8.o(i._printf_post_padding) for _printf_post_padding
    printfa.o(i.__0fprintf) refers (Special) to iusefp.o(.text) for __I$use$fp
    printfa.o(i.__0fprintf) refers to printfa.o(i._printf_core) for _printf_core
    printfa.o(i.__0fprintf) refers to main.o(.text) for fputc
    printfa.o(i.__0printf) refers (Special) to iusefp.o(.text) for __I$use$fp
    printfa.o(i.__0printf) refers to printfa.o(i._printf_core) for _printf_core
    printfa.o(i.__0printf) refers to main.o(.text) for fputc
    printfa.o(i.__0printf) refers to stdout.o(.data) for __stdout
    printfa.o(i.__0snprintf) refers (Special) to iusefp.o(.text) for __I$use$fp
    printfa.o(i.__0snprintf) refers to printfa.o(i._printf_core) for _printf_core
    printfa.o(i.__0snprintf) refers to printfa.o(i._snputc) for _snputc
    printfa.o(i.__0sprintf) refers (Special) to iusefp.o(.text) for __I$use$fp
    printfa.o(i.__0sprintf) refers to printfa.o(i._printf_core) for _printf_core
    printfa.o(i.__0sprintf) refers to printfa.o(i._sputc) for _sputc
    printfa.o(i.__0vfprintf) refers (Special) to iusefp.o(.text) for __I$use$fp
    printfa.o(i.__0vfprintf) refers to printfa.o(i._printf_core) for _printf_core
    printfa.o(i.__0vfprintf) refers to main.o(.text) for fputc
    printfa.o(i.__0vprintf) refers (Special) to iusefp.o(.text) for __I$use$fp
    printfa.o(i.__0vprintf) refers to printfa.o(i._printf_core) for _printf_core
    printfa.o(i.__0vprintf) refers to main.o(.text) for fputc
    printfa.o(i.__0vprintf) refers to stdout.o(.data) for __stdout
    printfa.o(i.__0vsnprintf) refers (Special) to iusefp.o(.text) for __I$use$fp
    printfa.o(i.__0vsnprintf) refers to printfa.o(i._printf_core) for _printf_core
    printfa.o(i.__0vsnprintf) refers to printfa.o(i._snputc) for _snputc
    printfa.o(i.__0vsprintf) refers (Special) to iusefp.o(.text) for __I$use$fp
    printfa.o(i.__0vsprintf) refers to printfa.o(i._printf_core) for _printf_core
    printfa.o(i.__0vsprintf) refers to printfa.o(i._sputc) for _sputc
    printfa.o(i._fp_digits) refers (Special) to iusefp.o(.text) for __I$use$fp
    printfa.o(i._fp_digits) refers to dmul.o(.text) for __aeabi_dmul
    printfa.o(i._fp_digits) refers to ddiv.o(.text) for __aeabi_ddiv
    printfa.o(i._fp_digits) refers to cdrcmple.o(.text) for __aeabi_cdrcmple
    printfa.o(i._fp_digits) refers to dadd.o(.text) for __aeabi_dadd
    printfa.o(i._fp_digits) refers to dfixul.o(.text) for __aeabi_d2ulz
    printfa.o(i._fp_digits) refers to uldiv.o(.text) for __aeabi_uldivmod
    printfa.o(i._printf_core) refers (Special) to iusefp.o(.text) for __I$use$fp
    printfa.o(i._printf_core) refers to printfa.o(i._printf_pre_padding) for _printf_pre_padding
    printfa.o(i._printf_core) refers to uldiv.o(.text) for __aeabi_uldivmod
    printfa.o(i._printf_core) refers to printfa.o(i._printf_post_padding) for _printf_post_padding
    printfa.o(i._printf_core) refers to printfa.o(i._fp_digits) for _fp_digits
    printfa.o(i._printf_core) refers to uidiv.o(.text) for __aeabi_uidivmod
    printfa.o(i._printf_post_padding) refers (Special) to iusefp.o(.text) for __I$use$fp
    printfa.o(i._printf_pre_padding) refers (Special) to iusefp.o(.text) for __I$use$fp
    printfa.o(i._snputc) refers (Special) to iusefp.o(.text) for __I$use$fp
    printfa.o(i._sputc) refers (Special) to iusefp.o(.text) for __I$use$fp
    entry2.o(.ARM.Collect$$$$00000001) refers to entry2.o(.ARM.Collect$$$$00002712) for __lit__00000000
    entry2.o(.ARM.Collect$$$$00002712) refers to startup_stm32f10x_hd.o(STACK) for __initial_sp
    entry2.o(__vectab_stack_and_reset_area) refers to startup_stm32f10x_hd.o(STACK) for __initial_sp
    entry2.o(__vectab_stack_and_reset_area) refers to entry.o(.ARM.Collect$$$$00000000) for __main
    entry5.o(.ARM.Collect$$$$00000004) refers to init.o(.text) for __scatterload
    entry7.o(.ARM.Collect$$$$00000007) refers to main.o(.text) for main
    uldiv.o(.text) refers to llushr.o(.text) for __aeabi_llsr
    uldiv.o(.text) refers to llshl.o(.text) for __aeabi_llsl
    dadd.o(.text) refers to llshl.o(.text) for __aeabi_llsl
    dadd.o(.text) refers to llsshr.o(.text) for __aeabi_lasr
    dadd.o(.text) refers to depilogue.o(.text) for _double_epilogue
    dmul.o(.text) refers to depilogue.o(.text) for _double_epilogue
    ddiv.o(.text) refers to depilogue.o(.text) for _double_round
    dfixul.o(.text) refers to llushr.o(.text) for __aeabi_llsr
    dfixul.o(.text) refers to llshl.o(.text) for __aeabi_llsl
    init.o(.text) refers to entry5.o(.ARM.Collect$$$$00000004) for __main_after_scatterload
    depilogue.o(.text) refers to llshl.o(.text) for __aeabi_llsl
    depilogue.o(.text) refers to llushr.o(.text) for __aeabi_llsr


==============================================================================

Removing Unused input sections from the image.

    Removing stm32f10x_crc.o(.text), (72 bytes).
    Removing stm32f10x_dbgmcu.o(.text), (48 bytes).
    Removing stm32f10x_fsmc.o(.text), (1560 bytes).
    Removing stm32f10x_sdio.o(.text), (472 bytes).
    Removing stm32f10x_wwdg.o(.text), (136 bytes).
    Removing stm32f10x_adc.o(.text), (1088 bytes).
    Removing stm32f10x_bkp.o(.text), (196 bytes).
    Removing stm32f10x_can.o(.text), (2580 bytes).
    Removing stm32f10x_cec.o(.text), (312 bytes).
    Removing stm32f10x_dac.o(.text), (424 bytes).
    Removing stm32f10x_dma.o(.text), (584 bytes).
    Removing stm32f10x_exti.o(.text), (316 bytes).
    Removing stm32f10x_i2c.o(.text), (1008 bytes).
    Removing stm32f10x_iwdg.o(.text), (64 bytes).
    Removing stm32f10x_pwr.o(.text), (216 bytes).
    Removing stm32f10x_rtc.o(.text), (376 bytes).
    Removing stm32f10x_spi.o(.text), (784 bytes).
    Removing stm32f10x_tim.o(.text), (3502 bytes).
    Removing startup_stm32f10x_hd.o(HEAP), (512 bytes).
    Removing core_cm3.o(.emb_text), (32 bytes).
    Removing dadd.o(.text), (330 bytes).
    Removing dmul.o(.text), (226 bytes).
    Removing ddiv.o(.text), (222 bytes).
    Removing dfixul.o(.text), (48 bytes).
    Removing cdrcmple.o(.text), (40 bytes).
    Removing depilogue.o(.text), (194 bytes).

26 unused section(s) (total 15342 bytes) removed from the image.

==============================================================================

Image Symbol Table

    Local Symbols

    Symbol Name                              Value     Ov Type        Size  Object(Section)

    ../../microlib/division.c                0x00000000   Number         0  uldiv.o ABSOLUTE
    ../../microlib/division.c                0x00000000   Number         0  uidiv.o ABSOLUTE
    ../../microlib/fpadd.c                   0x00000000   Number         0  dadd.o ABSOLUTE
    ../../microlib/fpdiv.c                   0x00000000   Number         0  ddiv.o ABSOLUTE
    ../../microlib/fpepilogue.c              0x00000000   Number         0  depilogue.o ABSOLUTE
    ../../microlib/fpfix.c                   0x00000000   Number         0  dfixul.o ABSOLUTE
    ../../microlib/fpmul.c                   0x00000000   Number         0  dmul.o ABSOLUTE
    ../../microlib/init/entry.s              0x00000000   Number         0  entry7.o ABSOLUTE
    ../../microlib/init/entry.s              0x00000000   Number         0  entry5.o ABSOLUTE
    ../../microlib/init/entry.s              0x00000000   Number         0  entry2.o ABSOLUTE
    ../../microlib/init/entry.s              0x00000000   Number         0  entry.o ABSOLUTE
    ../../microlib/longlong.c                0x00000000   Number         0  llshl.o ABSOLUTE
    ../../microlib/longlong.c                0x00000000   Number         0  llsshr.o ABSOLUTE
    ../../microlib/longlong.c                0x00000000   Number         0  llushr.o ABSOLUTE
    ../../microlib/printf/printf.c           0x00000000   Number         0  printf1.o ABSOLUTE
    ../../microlib/printf/printf.c           0x00000000   Number         0  printfb.o ABSOLUTE
    ../../microlib/printf/printf.c           0x00000000   Number         0  printf8.o ABSOLUTE
    ../../microlib/printf/printf.c           0x00000000   Number         0  printf2.o ABSOLUTE
    ../../microlib/printf/printf.c           0x00000000   Number         0  printf3.o ABSOLUTE
    ../../microlib/printf/printf.c           0x00000000   Number         0  printf4.o ABSOLUTE
    ../../microlib/printf/printf.c           0x00000000   Number         0  printf5.o ABSOLUTE
    ../../microlib/printf/printf.c           0x00000000   Number         0  printf6.o ABSOLUTE
    ../../microlib/printf/printf.c           0x00000000   Number         0  printf7.o ABSOLUTE
    ../../microlib/printf/printf.c           0x00000000   Number         0  printfa.o ABSOLUTE
    ../../microlib/printf/printf.c           0x00000000   Number         0  printf0.o ABSOLUTE
    ../../microlib/printf/stubs.s            0x00000000   Number         0  stubs.o ABSOLUTE
    ../../microlib/stdio/streams.c           0x00000000   Number         0  stdout.o ABSOLUTE
    ../../microlib/string/memcpy.c           0x00000000   Number         0  memcpya.o ABSOLUTE
    ../../microlib/string/memcpy.c           0x00000000   Number         0  memcpyb.o ABSOLUTE
    ../../microlib/string/memset.c           0x00000000   Number         0  memseta.o ABSOLUTE
    ../../microlib/string/strcmp.c           0x00000000   Number         0  strcmp.o ABSOLUTE
    ../../microlib/stubs.s                   0x00000000   Number         0  iusefp.o ABSOLUTE
    ..\FreeRTOS\Source\list.c                0x00000000   Number         0  list.o ABSOLUTE
    ..\FreeRTOS\Source\portable\MemMang\heap_2.c 0x00000000   Number         0  heap_2.o ABSOLUTE
    ..\FreeRTOS\Source\portable\RVDS\ARM_CM3\port.c 0x00000000   Number         0  port.o ABSOLUTE
    ..\FreeRTOS\Source\queue.c               0x00000000   Number         0  queue.o ABSOLUTE
    ..\FreeRTOS\Source\tasks.c               0x00000000   Number         0  tasks.o ABSOLUTE
    ..\FreeRTOS\Source\timers.c              0x00000000   Number         0  timers.o ABSOLUTE
    ..\Libraries\CMSIS\CM3\CoreSupport\core_cm3.c 0x00000000   Number         0  core_cm3.o ABSOLUTE
    ..\Libraries\CMSIS\CM3\DeviceSupport\ST\STM32F10x\startup\arm\startup_stm32f10x_hd.s 0x00000000   Number         0  startup_stm32f10x_hd.o ABSOLUTE
    ..\Libraries\STM32F10x_StdPeriph_Driver\src\misc.c 0x00000000   Number         0  misc.o ABSOLUTE
    ..\Libraries\STM32F10x_StdPeriph_Driver\src\stm32f10x_adc.c 0x00000000   Number         0  stm32f10x_adc.o ABSOLUTE
    ..\Libraries\STM32F10x_StdPeriph_Driver\src\stm32f10x_bkp.c 0x00000000   Number         0  stm32f10x_bkp.o ABSOLUTE
    ..\Libraries\STM32F10x_StdPeriph_Driver\src\stm32f10x_can.c 0x00000000   Number         0  stm32f10x_can.o ABSOLUTE
    ..\Libraries\STM32F10x_StdPeriph_Driver\src\stm32f10x_cec.c 0x00000000   Number         0  stm32f10x_cec.o ABSOLUTE
    ..\Libraries\STM32F10x_StdPeriph_Driver\src\stm32f10x_crc.c 0x00000000   Number         0  stm32f10x_crc.o ABSOLUTE
    ..\Libraries\STM32F10x_StdPeriph_Driver\src\stm32f10x_dac.c 0x00000000   Number         0  stm32f10x_dac.o ABSOLUTE
    ..\Libraries\STM32F10x_StdPeriph_Driver\src\stm32f10x_dbgmcu.c 0x00000000   Number         0  stm32f10x_dbgmcu.o ABSOLUTE
    ..\Libraries\STM32F10x_StdPeriph_Driver\src\stm32f10x_dma.c 0x00000000   Number         0  stm32f10x_dma.o ABSOLUTE
    ..\Libraries\STM32F10x_StdPeriph_Driver\src\stm32f10x_exti.c 0x00000000   Number         0  stm32f10x_exti.o ABSOLUTE
    ..\Libraries\STM32F10x_StdPeriph_Driver\src\stm32f10x_flash.c 0x00000000   Number         0  stm32f10x_flash.o ABSOLUTE
    ..\Libraries\STM32F10x_StdPeriph_Driver\src\stm32f10x_fsmc.c 0x00000000   Number         0  stm32f10x_fsmc.o ABSOLUTE
    ..\Libraries\STM32F10x_StdPeriph_Driver\src\stm32f10x_gpio.c 0x00000000   Number         0  stm32f10x_gpio.o ABSOLUTE
    ..\Libraries\STM32F10x_StdPeriph_Driver\src\stm32f10x_i2c.c 0x00000000   Number         0  stm32f10x_i2c.o ABSOLUTE
    ..\Libraries\STM32F10x_StdPeriph_Driver\src\stm32f10x_iwdg.c 0x00000000   Number         0  stm32f10x_iwdg.o ABSOLUTE
    ..\Libraries\STM32F10x_StdPeriph_Driver\src\stm32f10x_pwr.c 0x00000000   Number         0  stm32f10x_pwr.o ABSOLUTE
    ..\Libraries\STM32F10x_StdPeriph_Driver\src\stm32f10x_rcc.c 0x00000000   Number         0  stm32f10x_rcc.o ABSOLUTE
    ..\Libraries\STM32F10x_StdPeriph_Driver\src\stm32f10x_rtc.c 0x00000000   Number         0  stm32f10x_rtc.o ABSOLUTE
    ..\Libraries\STM32F10x_StdPeriph_Driver\src\stm32f10x_sdio.c 0x00000000   Number         0  stm32f10x_sdio.o ABSOLUTE
    ..\Libraries\STM32F10x_StdPeriph_Driver\src\stm32f10x_spi.c 0x00000000   Number         0  stm32f10x_spi.o ABSOLUTE
    ..\Libraries\STM32F10x_StdPeriph_Driver\src\stm32f10x_tim.c 0x00000000   Number         0  stm32f10x_tim.o ABSOLUTE
    ..\Libraries\STM32F10x_StdPeriph_Driver\src\stm32f10x_usart.c 0x00000000   Number         0  stm32f10x_usart.o ABSOLUTE
    ..\Libraries\STM32F10x_StdPeriph_Driver\src\stm32f10x_wwdg.c 0x00000000   Number         0  stm32f10x_wwdg.o ABSOLUTE
    ..\User\UART.c                           0x00000000   Number         0  uart.o ABSOLUTE
    ..\User\main.c                           0x00000000   Number         0  main.o ABSOLUTE
    ..\User\stm32f10x_it.c                   0x00000000   Number         0  stm32f10x_it.o ABSOLUTE
    ..\User\system_stm32f10x.c               0x00000000   Number         0  system_stm32f10x.o ABSOLUTE
    ..\\FreeRTOS\\Source\\portable\\RVDS\\ARM_CM3\\port.c 0x00000000   Number         0  port.o ABSOLUTE
    ..\\Libraries\\CMSIS\\CM3\\CoreSupport\\core_cm3.c 0x00000000   Number         0  core_cm3.o ABSOLUTE
    cdrcmple.s                               0x00000000   Number         0  cdrcmple.o ABSOLUTE
    dc.s                                     0x00000000   Number         0  dc.o ABSOLUTE
    handlers.s                               0x00000000   Number         0  handlers.o ABSOLUTE
    init.s                                   0x00000000   Number         0  init.o ABSOLUTE
    RESET                                    0x08000000   Section      304  startup_stm32f10x_hd.o(RESET)
    .ARM.Collect$$$$00000000                 0x08000130   Section        0  entry.o(.ARM.Collect$$$$00000000)
    .ARM.Collect$$$$00000001                 0x08000130   Section        4  entry2.o(.ARM.Collect$$$$00000001)
    .ARM.Collect$$$$00000004                 0x08000134   Section        4  entry5.o(.ARM.Collect$$$$00000004)
    .ARM.Collect$$$$00000007                 0x08000138   Section        8  entry7.o(.ARM.Collect$$$$00000007)
    .ARM.Collect$$$$00002712                 0x08000140   Section        4  entry2.o(.ARM.Collect$$$$00002712)
    __lit__00000000                          0x08000140   Data           4  entry2.o(.ARM.Collect$$$$00002712)
    .emb_text                                0x08000144   Section      162  port.o(.emb_text)
    .text                                    0x080001e8   Section        0  main.o(.text)
    prvSetupHardware                         0x080003ab   Thumb Code    20  main.o(.text)
    .text                                    0x08000500   Section        0  stm32f10x_it.o(.text)
    .text                                    0x0800051c   Section        0  uart.o(.text)
    .text                                    0x080005b4   Section        0  misc.o(.text)
    .text                                    0x080006ac   Section        0  stm32f10x_flash.o(.text)
    .text                                    0x08000c74   Section        0  stm32f10x_gpio.o(.text)
    .text                                    0x08000fcc   Section        0  stm32f10x_rcc.o(.text)
    .text                                    0x08001370   Section        0  stm32f10x_usart.o(.text)
    .text                                    0x0800177c   Section       36  startup_stm32f10x_hd.o(.text)
    .text                                    0x080017a0   Section        0  system_stm32f10x.o(.text)
    SetSysClockTo72                          0x080017a1   Thumb Code   192  system_stm32f10x.o(.text)
    SetSysClock                              0x08001861   Thumb Code     8  system_stm32f10x.o(.text)
    .text                                    0x08001968   Section        0  list.o(.text)
    .text                                    0x080019fc   Section        0  queue.o(.text)
    prvUnlockQueue                           0x08001ab1   Thumb Code   126  queue.o(.text)
    prvIsQueueFull                           0x08001b2f   Thumb Code    30  queue.o(.text)
    prvCopyDataToQueue                       0x08001b4d   Thumb Code   110  queue.o(.text)
    prvIsQueueEmpty                          0x08001d65   Thumb Code    26  queue.o(.text)
    prvCopyDataFromQueue                     0x08001d7f   Thumb Code    42  queue.o(.text)
    .text                                    0x08001fd0   Section        0  tasks.o(.text)
    prvInitialiseTaskLists                   0x08001fd1   Thumb Code    70  tasks.o(.text)
    prvInitialiseTCBVariables                0x08002017   Thumb Code    92  tasks.o(.text)
    prvAllocateTCBAndStack                   0x08002073   Thumb Code    54  tasks.o(.text)
    prvResetNextTaskUnblockTime              0x0800218b   Thumb Code    42  tasks.o(.text)
    prvAddCurrentTaskToDelayedList           0x08002435   Thumb Code    62  tasks.o(.text)
    prvTaskIsTaskSuspended                   0x0800272f   Thumb Code    56  tasks.o(.text)
    prvDeleteTCB                             0x08002867   Thumb Code    18  tasks.o(.text)
    prvCheckTasksWaitingTermination          0x08002879   Thumb Code    86  tasks.o(.text)
    prvIdleTask                              0x080028cf   Thumb Code    20  tasks.o(.text)
    .text                                    0x08002f8c   Section        0  timers.o(.text)
    prvInsertTimerInActiveList               0x08002f8d   Thumb Code    80  timers.o(.text)
    prvSwitchTimerLists                      0x08003043   Thumb Code   120  timers.o(.text)
    prvSampleTimeNow                         0x080030bb   Thumb Code    40  timers.o(.text)
    prvProcessReceivedCommands               0x080030e3   Thumb Code   184  timers.o(.text)
    prvProcessExpiredTimer                   0x0800319b   Thumb Code    70  timers.o(.text)
    prvProcessTimerOrBlockTask               0x080031e1   Thumb Code    90  timers.o(.text)
    prvGetNextExpireTime                     0x0800323b   Thumb Code    36  timers.o(.text)
    prvTimerTask                             0x0800325f   Thumb Code    26  timers.o(.text)
    prvCheckForValidListAndQueue             0x08003279   Thumb Code    56  timers.o(.text)
    .text                                    0x08003390   Section        0  port.o(.text)
    prvTaskExitError                         0x08003391   Thumb Code     8  port.o(.text)
    .text                                    0x0800346c   Section        0  heap_2.o(.text)
    prvHeapInit                              0x0800346d   Thumb Code    42  heap_2.o(.text)
    .text                                    0x08003590   Section        0  memcpya.o(.text)
    .text                                    0x080035b4   Section        0  memseta.o(.text)
    .text                                    0x080035da   Section        0  strcmp.o(.text)
    .text                                    0x080035f6   Section        0  uidiv.o(.text)
    .text                                    0x08003624   Section       36  init.o(.text)
    i.__0printf$3                            0x08003648   Section        0  printf3.o(i.__0printf$3)
    i.__scatterload_copy                     0x08003668   Section       14  handlers.o(i.__scatterload_copy)
    i.__scatterload_null                     0x08003676   Section        2  handlers.o(i.__scatterload_null)
    i.__scatterload_zeroinit                 0x08003678   Section       14  handlers.o(i.__scatterload_zeroinit)
    i._printf_core                           0x08003688   Section        0  printf3.o(i._printf_core)
    _printf_core                             0x08003689   Thumb Code   430  printf3.o(i._printf_core)
    .data                                    0x20000000   Section       16  main.o(.data)
    .data                                    0x20000010   Section        4  uart.o(.data)
    .data                                    0x20000014   Section       20  stm32f10x_rcc.o(.data)
    APBAHBPrescTable                         0x20000014   Data          16  stm32f10x_rcc.o(.data)
    ADCPrescTable                            0x20000024   Data           4  stm32f10x_rcc.o(.data)
    .data                                    0x20000028   Section       20  system_stm32f10x.o(.data)
    .data                                    0x2000003c   Section       56  tasks.o(.data)
    uxTasksDeleted                           0x20000040   Data           4  tasks.o(.data)
    uxCurrentNumberOfTasks                   0x20000044   Data           4  tasks.o(.data)
    xTickCount                               0x20000048   Data           4  tasks.o(.data)
    uxTopReadyPriority                       0x2000004c   Data           4  tasks.o(.data)
    xSchedulerRunning                        0x20000050   Data           4  tasks.o(.data)
    uxPendedTicks                            0x20000054   Data           4  tasks.o(.data)
    xYieldPending                            0x20000058   Data           4  tasks.o(.data)
    xNumOfOverflows                          0x2000005c   Data           4  tasks.o(.data)
    uxTaskNumber                             0x20000060   Data           4  tasks.o(.data)
    xNextTaskUnblockTime                     0x20000064   Data           4  tasks.o(.data)
    uxSchedulerSuspended                     0x20000068   Data           4  tasks.o(.data)
    pxDelayedTaskList                        0x2000006c   Data           4  tasks.o(.data)
    pxOverflowDelayedTaskList                0x20000070   Data           4  tasks.o(.data)
    .data                                    0x20000074   Section       16  timers.o(.data)
    xTimerQueue                              0x20000074   Data           4  timers.o(.data)
    xLastTime                                0x20000078   Data           4  timers.o(.data)
    pxCurrentTimerList                       0x2000007c   Data           4  timers.o(.data)
    pxOverflowTimerList                      0x20000080   Data           4  timers.o(.data)
    .data                                    0x20000084   Section        4  port.o(.data)
    uxCriticalNesting                        0x20000084   Data           4  port.o(.data)
    .data                                    0x20000088   Section       24  heap_2.o(.data)
    xFreeBytesRemaining                      0x20000088   Data           4  heap_2.o(.data)
    xHeapHasBeenInitialised                  0x2000008c   Data           4  heap_2.o(.data)
    xStart                                   0x20000090   Data           8  heap_2.o(.data)
    xEnd                                     0x20000098   Data           8  heap_2.o(.data)
    .data                                    0x200000a0   Section        4  stdout.o(.data)
    .bss                                     0x200000a4   Section       64  uart.o(.bss)
    .bss                                     0x200000e4   Section      200  tasks.o(.bss)
    pxReadyTasksLists                        0x200000e4   Data         100  tasks.o(.bss)
    xDelayedTaskList1                        0x20000148   Data          20  tasks.o(.bss)
    xDelayedTaskList2                        0x2000015c   Data          20  tasks.o(.bss)
    xPendingReadyList                        0x20000170   Data          20  tasks.o(.bss)
    xTasksWaitingTermination                 0x20000184   Data          20  tasks.o(.bss)
    xSuspendedTaskList                       0x20000198   Data          20  tasks.o(.bss)
    .bss                                     0x200001ac   Section       40  timers.o(.bss)
    xActiveTimerList1                        0x200001ac   Data          20  timers.o(.bss)
    xActiveTimerList2                        0x200001c0   Data          20  timers.o(.bss)
    .bss                                     0x200001d4   Section    17408  heap_2.o(.bss)
    ucHeap                                   0x200001d4   Data       17408  heap_2.o(.bss)
    STACK                                    0x200045d8   Section     1024  startup_stm32f10x_hd.o(STACK)

    Global Symbols

    Symbol Name                              Value     Ov Type        Size  Object(Section)

    BuildAttributes$$THM_ISAv4$P$D$K$B$S$PE$A:L22UL41UL21$X:L11$S22US41US21$IEEE1$IW$USESV6$~STKCKD$USESV7$~SHL$OSPACE$ROPI$EBA8$MICROLIB$REQ8$PRES8$EABIv2 0x00000000   Number         0  anon$$obj.o ABSOLUTE
    __ARM_use_no_argv                        0x00000000   Number         0  main.o ABSOLUTE
    _printf_a                                0x00000000   Number         0  stubs.o ABSOLUTE
    _printf_c                                0x00000000   Number         0  stubs.o ABSOLUTE
    _printf_charcount                        0x00000000   Number         0  stubs.o ABSOLUTE
    _printf_d                                0x00000000   Number         0  stubs.o ABSOLUTE
    _printf_e                                0x00000000   Number         0  stubs.o ABSOLUTE
    _printf_f                                0x00000000   Number         0  stubs.o ABSOLUTE
    _printf_flags                            0x00000000   Number         0  stubs.o ABSOLUTE
    _printf_fp_dec                           0x00000000   Number         0  stubs.o ABSOLUTE
    _printf_fp_hex                           0x00000000   Number         0  stubs.o ABSOLUTE
    _printf_g                                0x00000000   Number         0  stubs.o ABSOLUTE
    _printf_i                                0x00000000   Number         0  stubs.o ABSOLUTE
    _printf_int_dec                          0x00000000   Number         0  stubs.o ABSOLUTE
    _printf_l                                0x00000000   Number         0  stubs.o ABSOLUTE
    _printf_lc                               0x00000000   Number         0  stubs.o ABSOLUTE
    _printf_ll                               0x00000000   Number         0  stubs.o ABSOLUTE
    _printf_lld                              0x00000000   Number         0  stubs.o ABSOLUTE
    _printf_lli                              0x00000000   Number         0  stubs.o ABSOLUTE
    _printf_llo                              0x00000000   Number         0  stubs.o ABSOLUTE
    _printf_llu                              0x00000000   Number         0  stubs.o ABSOLUTE
    _printf_llx                              0x00000000   Number         0  stubs.o ABSOLUTE
    _printf_longlong_dec                     0x00000000   Number         0  stubs.o ABSOLUTE
    _printf_longlong_hex                     0x00000000   Number         0  stubs.o ABSOLUTE
    _printf_longlong_oct                     0x00000000   Number         0  stubs.o ABSOLUTE
    _printf_ls                               0x00000000   Number         0  stubs.o ABSOLUTE
    _printf_mbtowc                           0x00000000   Number         0  stubs.o ABSOLUTE
    _printf_n                                0x00000000   Number         0  stubs.o ABSOLUTE
    _printf_o                                0x00000000   Number         0  stubs.o ABSOLUTE
    _printf_p                                0x00000000   Number         0  stubs.o ABSOLUTE
    _printf_percent                          0x00000000   Number         0  stubs.o ABSOLUTE
    _printf_pre_padding                      0x00000000   Number         0  stubs.o ABSOLUTE
    _printf_return_value                     0x00000000   Number         0  stubs.o ABSOLUTE
    _printf_s                                0x00000000   Number         0  stubs.o ABSOLUTE
    _printf_sizespec                         0x00000000   Number         0  stubs.o ABSOLUTE
    _printf_str                              0x00000000   Number         0  stubs.o ABSOLUTE
    _printf_truncate_signed                  0x00000000   Number         0  stubs.o ABSOLUTE
    _printf_truncate_unsigned                0x00000000   Number         0  stubs.o ABSOLUTE
    _printf_u                                0x00000000   Number         0  stubs.o ABSOLUTE
    _printf_wc                               0x00000000   Number         0  stubs.o ABSOLUTE
    _printf_wctomb                           0x00000000   Number         0  stubs.o ABSOLUTE
    _printf_widthprec                        0x00000000   Number         0  stubs.o ABSOLUTE
    _printf_x                                0x00000000   Number         0  stubs.o ABSOLUTE
    __decompress                              - Undefined Weak Reference
    __Vectors_Size                           0x00000130   Number         0  startup_stm32f10x_hd.o ABSOLUTE
    __Vectors                                0x08000000   Data           4  startup_stm32f10x_hd.o(RESET)
    __Vectors_End                            0x08000130   Data           0  startup_stm32f10x_hd.o(RESET)
    __main                                   0x08000131   Thumb Code     0  entry.o(.ARM.Collect$$$$00000000)
    _main_stk                                0x08000131   Thumb Code     0  entry2.o(.ARM.Collect$$$$00000001)
    _main_scatterload                        0x08000135   Thumb Code     0  entry5.o(.ARM.Collect$$$$00000004)
    __main_after_scatterload                 0x08000139   Thumb Code     0  entry5.o(.ARM.Collect$$$$00000004)
    _main_init                               0x08000139   Thumb Code     0  entry7.o(.ARM.Collect$$$$00000007)
    vPortSVCHandler                          0x08000145   Thumb Code    32  port.o(.emb_text)
    __asm___6_port_c_39a90d8d__prvStartFirstTask 0x08000169   Thumb Code    28  port.o(.emb_text)
    xPortPendSVHandler                       0x08000189   Thumb Code    64  port.o(.emb_text)
    ulPortSetInterruptMask                   0x080001cd   Thumb Code    14  port.o(.emb_text)
    vPortClearInterruptMask                  0x080001db   Thumb Code     6  port.o(.emb_text)
    vPortGetIPSR                             0x080001e1   Thumb Code     6  port.o(.emb_text)
    TaskB                                    0x080001e9   Thumb Code    24  main.o(.text)
    TaskA                                    0x08000201   Thumb Code    42  main.o(.text)
    Receive_TimeOut                          0x0800022b   Thumb Code    70  main.o(.text)
    USART_Configuration                      0x08000271   Thumb Code    98  main.o(.text)
    GPIO_Configuration                       0x080002d3   Thumb Code    54  main.o(.text)
    NVIC_Configuration                       0x08000309   Thumb Code    42  main.o(.text)
    RCC_Configuration                        0x08000333   Thumb Code   120  main.o(.text)
    main                                     0x080003bf   Thumb Code   130  main.o(.text)
    fputc                                    0x08000441   Thumb Code    32  main.o(.text)
    NMI_Handler                              0x08000501   Thumb Code     2  stm32f10x_it.o(.text)
    HardFault_Handler                        0x08000503   Thumb Code     4  stm32f10x_it.o(.text)
    MemManage_Handler                        0x08000507   Thumb Code     4  stm32f10x_it.o(.text)
    BusFault_Handler                         0x0800050b   Thumb Code     4  stm32f10x_it.o(.text)
    UsageFault_Handler                       0x0800050f   Thumb Code     4  stm32f10x_it.o(.text)
    SVC_Handler                              0x08000513   Thumb Code     2  stm32f10x_it.o(.text)
    DebugMon_Handler                         0x08000515   Thumb Code     2  stm32f10x_it.o(.text)
    PendSV_Handler                           0x08000517   Thumb Code     2  stm32f10x_it.o(.text)
    SysTick_Handler                          0x08000519   Thumb Code     2  stm32f10x_it.o(.text)
    USART1_IRQHandler                        0x0800051d   Thumb Code   134  uart.o(.text)
    NVIC_PriorityGroupConfig                 0x080005b5   Thumb Code    10  misc.o(.text)
    NVIC_Init                                0x080005bf   Thumb Code   118  misc.o(.text)
    NVIC_SetVectorTable                      0x08000635   Thumb Code    12  misc.o(.text)
    NVIC_SystemLPConfig                      0x08000641   Thumb Code    38  misc.o(.text)
    SysTick_CLKSourceConfig                  0x08000667   Thumb Code    40  misc.o(.text)
    FLASH_SetLatency                         0x080006ad   Thumb Code    18  stm32f10x_flash.o(.text)
    FLASH_HalfCycleAccessCmd                 0x080006bf   Thumb Code    22  stm32f10x_flash.o(.text)
    FLASH_PrefetchBufferCmd                  0x080006d5   Thumb Code    22  stm32f10x_flash.o(.text)
    FLASH_Unlock                             0x080006eb   Thumb Code    12  stm32f10x_flash.o(.text)
    FLASH_UnlockBank1                        0x080006f7   Thumb Code    12  stm32f10x_flash.o(.text)
    FLASH_Lock                               0x08000703   Thumb Code    14  stm32f10x_flash.o(.text)
    FLASH_LockBank1                          0x08000711   Thumb Code    14  stm32f10x_flash.o(.text)
    FLASH_GetBank1Status                     0x0800071f   Thumb Code    50  stm32f10x_flash.o(.text)
    FLASH_WaitForLastOperation               0x08000751   Thumb Code    38  stm32f10x_flash.o(.text)
    FLASH_ErasePage                          0x08000777   Thumb Code    72  stm32f10x_flash.o(.text)
    FLASH_EraseAllPages                      0x080007bf   Thumb Code    68  stm32f10x_flash.o(.text)
    FLASH_WaitForLastBank1Operation          0x08000803   Thumb Code    38  stm32f10x_flash.o(.text)
    FLASH_EraseAllBank1Pages                 0x08000829   Thumb Code    68  stm32f10x_flash.o(.text)
    FLASH_GetReadOutProtectionStatus         0x0800086d   Thumb Code    20  stm32f10x_flash.o(.text)
    FLASH_EraseOptionBytes                   0x08000881   Thumb Code   152  stm32f10x_flash.o(.text)
    FLASH_ProgramWord                        0x08000919   Thumb Code    96  stm32f10x_flash.o(.text)
    FLASH_ProgramHalfWord                    0x08000979   Thumb Code    60  stm32f10x_flash.o(.text)
    FLASH_ProgramOptionByteData              0x080009b5   Thumb Code    72  stm32f10x_flash.o(.text)
    FLASH_EnableWriteProtection              0x080009fd   Thumb Code   208  stm32f10x_flash.o(.text)
    FLASH_ReadOutProtection                  0x08000acd   Thumb Code   156  stm32f10x_flash.o(.text)
    FLASH_UserOptionByteConfig               0x08000b69   Thumb Code    88  stm32f10x_flash.o(.text)
    FLASH_GetUserOptionByte                  0x08000bc1   Thumb Code     8  stm32f10x_flash.o(.text)
    FLASH_GetWriteProtectionOptionByte       0x08000bc9   Thumb Code     6  stm32f10x_flash.o(.text)
    FLASH_GetPrefetchBufferStatus            0x08000bcf   Thumb Code    20  stm32f10x_flash.o(.text)
    FLASH_ITConfig                           0x08000be3   Thumb Code    26  stm32f10x_flash.o(.text)
    FLASH_GetFlagStatus                      0x08000bfd   Thumb Code    42  stm32f10x_flash.o(.text)
    FLASH_ClearFlag                          0x08000c27   Thumb Code     6  stm32f10x_flash.o(.text)
    FLASH_GetStatus                          0x08000c2d   Thumb Code    50  stm32f10x_flash.o(.text)
    GPIO_DeInit                              0x08000c75   Thumb Code   172  stm32f10x_gpio.o(.text)
    GPIO_AFIODeInit                          0x08000d21   Thumb Code    20  stm32f10x_gpio.o(.text)
    GPIO_Init                                0x08000d35   Thumb Code   274  stm32f10x_gpio.o(.text)
    GPIO_StructInit                          0x08000e47   Thumb Code    16  stm32f10x_gpio.o(.text)
    GPIO_ReadInputDataBit                    0x08000e57   Thumb Code    18  stm32f10x_gpio.o(.text)
    GPIO_ReadInputData                       0x08000e69   Thumb Code     8  stm32f10x_gpio.o(.text)
    GPIO_ReadOutputDataBit                   0x08000e71   Thumb Code    18  stm32f10x_gpio.o(.text)
    GPIO_ReadOutputData                      0x08000e83   Thumb Code     8  stm32f10x_gpio.o(.text)
    GPIO_SetBits                             0x08000e8b   Thumb Code     4  stm32f10x_gpio.o(.text)
    GPIO_ResetBits                           0x08000e8f   Thumb Code     4  stm32f10x_gpio.o(.text)
    GPIO_WriteBit                            0x08000e93   Thumb Code    10  stm32f10x_gpio.o(.text)
    GPIO_Write                               0x08000e9d   Thumb Code     4  stm32f10x_gpio.o(.text)
    GPIO_PinLockConfig                       0x08000ea1   Thumb Code    18  stm32f10x_gpio.o(.text)
    GPIO_EventOutputConfig                   0x08000eb3   Thumb Code    26  stm32f10x_gpio.o(.text)
    GPIO_EventOutputCmd                      0x08000ecd   Thumb Code     6  stm32f10x_gpio.o(.text)
    GPIO_PinRemapConfig                      0x08000ed3   Thumb Code   138  stm32f10x_gpio.o(.text)
    GPIO_EXTILineConfig                      0x08000f5d   Thumb Code    66  stm32f10x_gpio.o(.text)
    GPIO_ETH_MediaInterfaceConfig            0x08000f9f   Thumb Code     6  stm32f10x_gpio.o(.text)
    RCC_DeInit                               0x08000fcd   Thumb Code    64  stm32f10x_rcc.o(.text)
    RCC_HSEConfig                            0x0800100d   Thumb Code    70  stm32f10x_rcc.o(.text)
    RCC_GetFlagStatus                        0x08001053   Thumb Code    56  stm32f10x_rcc.o(.text)
    RCC_WaitForHSEStartUp                    0x0800108b   Thumb Code    48  stm32f10x_rcc.o(.text)
    RCC_AdjustHSICalibrationValue            0x080010bb   Thumb Code    20  stm32f10x_rcc.o(.text)
    RCC_HSICmd                               0x080010cf   Thumb Code     6  stm32f10x_rcc.o(.text)
    RCC_PLLConfig                            0x080010d5   Thumb Code    24  stm32f10x_rcc.o(.text)
    RCC_PLLCmd                               0x080010ed   Thumb Code     6  stm32f10x_rcc.o(.text)
    RCC_SYSCLKConfig                         0x080010f3   Thumb Code    18  stm32f10x_rcc.o(.text)
    RCC_GetSYSCLKSource                      0x08001105   Thumb Code    10  stm32f10x_rcc.o(.text)
    RCC_HCLKConfig                           0x0800110f   Thumb Code    18  stm32f10x_rcc.o(.text)
    RCC_PCLK1Config                          0x08001121   Thumb Code    18  stm32f10x_rcc.o(.text)
    RCC_PCLK2Config                          0x08001133   Thumb Code    20  stm32f10x_rcc.o(.text)
    RCC_ITConfig                             0x08001147   Thumb Code    30  stm32f10x_rcc.o(.text)
    RCC_USBCLKConfig                         0x08001165   Thumb Code     6  stm32f10x_rcc.o(.text)
    RCC_ADCCLKConfig                         0x0800116b   Thumb Code    18  stm32f10x_rcc.o(.text)
    RCC_LSEConfig                            0x0800117d   Thumb Code    44  stm32f10x_rcc.o(.text)
    RCC_LSICmd                               0x080011a9   Thumb Code     6  stm32f10x_rcc.o(.text)
    RCC_RTCCLKConfig                         0x080011af   Thumb Code    12  stm32f10x_rcc.o(.text)
    RCC_RTCCLKCmd                            0x080011bb   Thumb Code     6  stm32f10x_rcc.o(.text)
    RCC_GetClocksFreq                        0x080011c1   Thumb Code   192  stm32f10x_rcc.o(.text)
    RCC_AHBPeriphClockCmd                    0x08001281   Thumb Code    26  stm32f10x_rcc.o(.text)
    RCC_APB2PeriphClockCmd                   0x0800129b   Thumb Code    26  stm32f10x_rcc.o(.text)
    RCC_APB1PeriphClockCmd                   0x080012b5   Thumb Code    26  stm32f10x_rcc.o(.text)
    RCC_APB2PeriphResetCmd                   0x080012cf   Thumb Code    26  stm32f10x_rcc.o(.text)
    RCC_APB1PeriphResetCmd                   0x080012e9   Thumb Code    26  stm32f10x_rcc.o(.text)
    RCC_BackupResetCmd                       0x08001303   Thumb Code     6  stm32f10x_rcc.o(.text)
    RCC_ClockSecuritySystemCmd               0x08001309   Thumb Code     6  stm32f10x_rcc.o(.text)
    RCC_MCOConfig                            0x0800130f   Thumb Code     6  stm32f10x_rcc.o(.text)
    RCC_ClearFlag                            0x08001315   Thumb Code    14  stm32f10x_rcc.o(.text)
    RCC_GetITStatus                          0x08001323   Thumb Code    20  stm32f10x_rcc.o(.text)
    RCC_ClearITPendingBit                    0x08001337   Thumb Code     6  stm32f10x_rcc.o(.text)
    USART_DeInit                             0x08001371   Thumb Code   134  stm32f10x_usart.o(.text)
    USART_Init                               0x080013f7   Thumb Code   210  stm32f10x_usart.o(.text)
    USART_StructInit                         0x080014c9   Thumb Code    24  stm32f10x_usart.o(.text)
    USART_ClockInit                          0x080014e1   Thumb Code    34  stm32f10x_usart.o(.text)
    USART_ClockStructInit                    0x08001503   Thumb Code    12  stm32f10x_usart.o(.text)
    USART_Cmd                                0x0800150f   Thumb Code    24  stm32f10x_usart.o(.text)
    USART_ITConfig                           0x08001527   Thumb Code    74  stm32f10x_usart.o(.text)
    USART_DMACmd                             0x08001571   Thumb Code    24  stm32f10x_usart.o(.text)
    USART_SetAddress                         0x08001589   Thumb Code    18  stm32f10x_usart.o(.text)
    USART_WakeUpConfig                       0x0800159b   Thumb Code    18  stm32f10x_usart.o(.text)
    USART_ReceiverWakeUpCmd                  0x080015ad   Thumb Code    24  stm32f10x_usart.o(.text)
    USART_LINBreakDetectLengthConfig         0x080015c5   Thumb Code    18  stm32f10x_usart.o(.text)
    USART_LINCmd                             0x080015d7   Thumb Code    24  stm32f10x_usart.o(.text)
    USART_SendData                           0x080015ef   Thumb Code     8  stm32f10x_usart.o(.text)
    USART_ReceiveData                        0x080015f7   Thumb Code    10  stm32f10x_usart.o(.text)
    USART_SendBreak                          0x08001601   Thumb Code    10  stm32f10x_usart.o(.text)
    USART_SetGuardTime                       0x0800160b   Thumb Code    16  stm32f10x_usart.o(.text)
    USART_SetPrescaler                       0x0800161b   Thumb Code    16  stm32f10x_usart.o(.text)
    USART_SmartCardCmd                       0x0800162b   Thumb Code    24  stm32f10x_usart.o(.text)
    USART_SmartCardNACKCmd                   0x08001643   Thumb Code    24  stm32f10x_usart.o(.text)
    USART_HalfDuplexCmd                      0x0800165b   Thumb Code    24  stm32f10x_usart.o(.text)
    USART_OverSampling8Cmd                   0x08001673   Thumb Code    22  stm32f10x_usart.o(.text)
    USART_OneBitMethodCmd                    0x08001689   Thumb Code    24  stm32f10x_usart.o(.text)
    USART_IrDAConfig                         0x080016a1   Thumb Code    18  stm32f10x_usart.o(.text)
    USART_IrDACmd                            0x080016b3   Thumb Code    24  stm32f10x_usart.o(.text)
    USART_GetFlagStatus                      0x080016cb   Thumb Code    26  stm32f10x_usart.o(.text)
    USART_ClearFlag                          0x080016e5   Thumb Code    18  stm32f10x_usart.o(.text)
    USART_GetITStatus                        0x080016f7   Thumb Code    84  stm32f10x_usart.o(.text)
    USART_ClearITPendingBit                  0x0800174b   Thumb Code    50  stm32f10x_usart.o(.text)
    Reset_Handler                            0x0800177d   Thumb Code     8  startup_stm32f10x_hd.o(.text)
    ADC1_2_IRQHandler                        0x08001797   Thumb Code     0  startup_stm32f10x_hd.o(.text)
    ADC3_IRQHandler                          0x08001797   Thumb Code     0  startup_stm32f10x_hd.o(.text)
    CAN1_RX1_IRQHandler                      0x08001797   Thumb Code     0  startup_stm32f10x_hd.o(.text)
    CAN1_SCE_IRQHandler                      0x08001797   Thumb Code     0  startup_stm32f10x_hd.o(.text)
    DMA1_Channel1_IRQHandler                 0x08001797   Thumb Code     0  startup_stm32f10x_hd.o(.text)
    DMA1_Channel2_IRQHandler                 0x08001797   Thumb Code     0  startup_stm32f10x_hd.o(.text)
    DMA1_Channel3_IRQHandler                 0x08001797   Thumb Code     0  startup_stm32f10x_hd.o(.text)
    DMA1_Channel4_IRQHandler                 0x08001797   Thumb Code     0  startup_stm32f10x_hd.o(.text)
    DMA1_Channel5_IRQHandler                 0x08001797   Thumb Code     0  startup_stm32f10x_hd.o(.text)
    DMA1_Channel6_IRQHandler                 0x08001797   Thumb Code     0  startup_stm32f10x_hd.o(.text)
    DMA1_Channel7_IRQHandler                 0x08001797   Thumb Code     0  startup_stm32f10x_hd.o(.text)
    DMA2_Channel1_IRQHandler                 0x08001797   Thumb Code     0  startup_stm32f10x_hd.o(.text)
    DMA2_Channel2_IRQHandler                 0x08001797   Thumb Code     0  startup_stm32f10x_hd.o(.text)
    DMA2_Channel3_IRQHandler                 0x08001797   Thumb Code     0  startup_stm32f10x_hd.o(.text)
    DMA2_Channel4_5_IRQHandler               0x08001797   Thumb Code     0  startup_stm32f10x_hd.o(.text)
    EXTI0_IRQHandler                         0x08001797   Thumb Code     0  startup_stm32f10x_hd.o(.text)
    EXTI15_10_IRQHandler                     0x08001797   Thumb Code     0  startup_stm32f10x_hd.o(.text)
    EXTI1_IRQHandler                         0x08001797   Thumb Code     0  startup_stm32f10x_hd.o(.text)
    EXTI2_IRQHandler                         0x08001797   Thumb Code     0  startup_stm32f10x_hd.o(.text)
    EXTI3_IRQHandler                         0x08001797   Thumb Code     0  startup_stm32f10x_hd.o(.text)
    EXTI4_IRQHandler                         0x08001797   Thumb Code     0  startup_stm32f10x_hd.o(.text)
    EXTI9_5_IRQHandler                       0x08001797   Thumb Code     0  startup_stm32f10x_hd.o(.text)
    FLASH_IRQHandler                         0x08001797   Thumb Code     0  startup_stm32f10x_hd.o(.text)
    FSMC_IRQHandler                          0x08001797   Thumb Code     0  startup_stm32f10x_hd.o(.text)
    I2C1_ER_IRQHandler                       0x08001797   Thumb Code     0  startup_stm32f10x_hd.o(.text)
    I2C1_EV_IRQHandler                       0x08001797   Thumb Code     0  startup_stm32f10x_hd.o(.text)
    I2C2_ER_IRQHandler                       0x08001797   Thumb Code     0  startup_stm32f10x_hd.o(.text)
    I2C2_EV_IRQHandler                       0x08001797   Thumb Code     0  startup_stm32f10x_hd.o(.text)
    PVD_IRQHandler                           0x08001797   Thumb Code     0  startup_stm32f10x_hd.o(.text)
    RCC_IRQHandler                           0x08001797   Thumb Code     0  startup_stm32f10x_hd.o(.text)
    RTCAlarm_IRQHandler                      0x08001797   Thumb Code     0  startup_stm32f10x_hd.o(.text)
    RTC_IRQHandler                           0x08001797   Thumb Code     0  startup_stm32f10x_hd.o(.text)
    SDIO_IRQHandler                          0x08001797   Thumb Code     0  startup_stm32f10x_hd.o(.text)
    SPI1_IRQHandler                          0x08001797   Thumb Code     0  startup_stm32f10x_hd.o(.text)
    SPI2_IRQHandler                          0x08001797   Thumb Code     0  startup_stm32f10x_hd.o(.text)
    SPI3_IRQHandler                          0x08001797   Thumb Code     0  startup_stm32f10x_hd.o(.text)
    TAMPER_IRQHandler                        0x08001797   Thumb Code     0  startup_stm32f10x_hd.o(.text)
    TIM1_BRK_IRQHandler                      0x08001797   Thumb Code     0  startup_stm32f10x_hd.o(.text)
    TIM1_CC_IRQHandler                       0x08001797   Thumb Code     0  startup_stm32f10x_hd.o(.text)
    TIM1_TRG_COM_IRQHandler                  0x08001797   Thumb Code     0  startup_stm32f10x_hd.o(.text)
    TIM1_UP_IRQHandler                       0x08001797   Thumb Code     0  startup_stm32f10x_hd.o(.text)
    TIM2_IRQHandler                          0x08001797   Thumb Code     0  startup_stm32f10x_hd.o(.text)
    TIM3_IRQHandler                          0x08001797   Thumb Code     0  startup_stm32f10x_hd.o(.text)
    TIM4_IRQHandler                          0x08001797   Thumb Code     0  startup_stm32f10x_hd.o(.text)
    TIM5_IRQHandler                          0x08001797   Thumb Code     0  startup_stm32f10x_hd.o(.text)
    TIM6_IRQHandler                          0x08001797   Thumb Code     0  startup_stm32f10x_hd.o(.text)
    TIM7_IRQHandler                          0x08001797   Thumb Code     0  startup_stm32f10x_hd.o(.text)
    TIM8_BRK_IRQHandler                      0x08001797   Thumb Code     0  startup_stm32f10x_hd.o(.text)
    TIM8_CC_IRQHandler                       0x08001797   Thumb Code     0  startup_stm32f10x_hd.o(.text)
    TIM8_TRG_COM_IRQHandler                  0x08001797   Thumb Code     0  startup_stm32f10x_hd.o(.text)
    TIM8_UP_IRQHandler                       0x08001797   Thumb Code     0  startup_stm32f10x_hd.o(.text)
    UART4_IRQHandler                         0x08001797   Thumb Code     0  startup_stm32f10x_hd.o(.text)
    UART5_IRQHandler                         0x08001797   Thumb Code     0  startup_stm32f10x_hd.o(.text)
    USART2_IRQHandler                        0x08001797   Thumb Code     0  startup_stm32f10x_hd.o(.text)
    USART3_IRQHandler                        0x08001797   Thumb Code     0  startup_stm32f10x_hd.o(.text)
    USBWakeUp_IRQHandler                     0x08001797   Thumb Code     0  startup_stm32f10x_hd.o(.text)
    USB_HP_CAN1_TX_IRQHandler                0x08001797   Thumb Code     0  startup_stm32f10x_hd.o(.text)
    USB_LP_CAN1_RX0_IRQHandler               0x08001797   Thumb Code     0  startup_stm32f10x_hd.o(.text)
    WWDG_IRQHandler                          0x08001797   Thumb Code     0  startup_stm32f10x_hd.o(.text)
    SystemInit                               0x08001869   Thumb Code    78  system_stm32f10x.o(.text)
    SystemCoreClockUpdate                    0x080018b7   Thumb Code   142  system_stm32f10x.o(.text)
    vListInitialise                          0x08001969   Thumb Code    26  list.o(.text)
    vListInitialiseItem                      0x08001983   Thumb Code     6  list.o(.text)
    vListInsertEnd                           0x08001989   Thumb Code    24  list.o(.text)
    vListInsert                              0x080019a1   Thumb Code    52  list.o(.text)
    uxListRemove                             0x080019d5   Thumb Code    40  list.o(.text)
    xQueueGenericReset                       0x080019fd   Thumb Code   110  queue.o(.text)
    xQueueGenericCreate                      0x08001a6b   Thumb Code    70  queue.o(.text)
    xQueueGenericSend                        0x08001bbb   Thumb Code   230  queue.o(.text)
    xQueueGenericSendFromISR                 0x08001ca1   Thumb Code   106  queue.o(.text)
    xQueueGiveFromISR                        0x08001d0b   Thumb Code    90  queue.o(.text)
    xQueueGenericReceive                     0x08001da9   Thumb Code   250  queue.o(.text)
    xQueueReceiveFromISR                     0x08001ea3   Thumb Code    96  queue.o(.text)
    xQueuePeekFromISR                        0x08001f03   Thumb Code    50  queue.o(.text)
    uxQueueMessagesWaiting                   0x08001f35   Thumb Code    18  queue.o(.text)
    uxQueueSpacesAvailable                   0x08001f47   Thumb Code    24  queue.o(.text)
    uxQueueMessagesWaitingFromISR            0x08001f5f   Thumb Code     6  queue.o(.text)
    vQueueDelete                             0x08001f65   Thumb Code    14  queue.o(.text)
    xQueueIsQueueEmptyFromISR                0x08001f73   Thumb Code    14  queue.o(.text)
    xQueueIsQueueFullFromISR                 0x08001f81   Thumb Code    18  queue.o(.text)
    vQueueWaitForMessageRestricted           0x08001f93   Thumb Code    62  queue.o(.text)
    xTaskGenericCreate                       0x080020a9   Thumb Code   226  tasks.o(.text)
    vTaskDelete                              0x080021b5   Thumb Code   136  tasks.o(.text)
    xTaskIncrementTick                       0x0800223d   Thumb Code   240  tasks.o(.text)
    xTaskResumeAll                           0x0800232d   Thumb Code   264  tasks.o(.text)
    vTaskSuspendAll                          0x08002473   Thumb Code    12  tasks.o(.text)
    vTaskDelayUntil                          0x0800247f   Thumb Code   124  tasks.o(.text)
    vTaskDelay                               0x080024fb   Thumb Code    70  tasks.o(.text)
    uxTaskPriorityGet                        0x08002541   Thumb Code    30  tasks.o(.text)
    uxTaskPriorityGetFromISR                 0x0800255f   Thumb Code    38  tasks.o(.text)
    vTaskPrioritySet                         0x08002585   Thumb Code   202  tasks.o(.text)
    vTaskSwitchContext                       0x0800264f   Thumb Code    76  tasks.o(.text)
    vTaskSuspend                             0x0800269b   Thumb Code   148  tasks.o(.text)
    vTaskResume                              0x08002767   Thumb Code    92  tasks.o(.text)
    xTaskResumeFromISR                       0x080027c3   Thumb Code   164  tasks.o(.text)
    vTaskStartScheduler                      0x080028e3   Thumb Code    66  tasks.o(.text)
    vTaskEndScheduler                        0x08002925   Thumb Code    18  tasks.o(.text)
    xTaskGetTickCount                        0x08002937   Thumb Code     6  tasks.o(.text)
    xTaskGetTickCountFromISR                 0x0800293d   Thumb Code     8  tasks.o(.text)
    uxTaskGetNumberOfTasks                   0x08002945   Thumb Code     6  tasks.o(.text)
    vTaskPlaceOnEventList                    0x0800294b   Thumb Code    82  tasks.o(.text)
    vTaskPlaceOnUnorderedEventList           0x0800299d   Thumb Code    98  tasks.o(.text)
    vTaskPlaceOnEventListRestricted          0x080029ff   Thumb Code    88  tasks.o(.text)
    xTaskRemoveFromEventList                 0x08002a57   Thumb Code   102  tasks.o(.text)
    xTaskRemoveFromUnorderedEventList        0x08002abd   Thumb Code    92  tasks.o(.text)
    vTaskSetTimeOutState                     0x08002b19   Thumb Code    14  tasks.o(.text)
    xTaskCheckForTimeOut                     0x08002b27   Thumb Code    84  tasks.o(.text)
    vTaskMissedYield                         0x08002b7b   Thumb Code     8  tasks.o(.text)
    xTaskGetSchedulerState                   0x08002b83   Thumb Code    24  tasks.o(.text)
    uxTaskResetEventItemValue                0x08002b9b   Thumb Code    24  tasks.o(.text)
    ulTaskNotifyTake                         0x08002bb3   Thumb Code   230  tasks.o(.text)
    xTaskNotifyWait                          0x08002c99   Thumb Code   194  tasks.o(.text)
    xTaskGenericNotify                       0x08002d5b   Thumb Code   164  tasks.o(.text)
    xTaskGenericNotifyFromISR                0x08002dff   Thumb Code   198  tasks.o(.text)
    vTaskNotifyGiveFromISR                   0x08002ec5   Thumb Code   122  tasks.o(.text)
    xTaskNotifyStateClear                    0x08002f3f   Thumb Code    50  tasks.o(.text)
    xTimerGenericCommand                     0x08002fdd   Thumb Code   102  timers.o(.text)
    xTimerCreateTimerTask                    0x080032b1   Thumb Code    44  timers.o(.text)
    xTimerCreate                             0x080032dd   Thumb Code    62  timers.o(.text)
    pcTimerGetTimerName                      0x0800331b   Thumb Code     8  timers.o(.text)
    xTimerIsTimerActive                      0x08003323   Thumb Code    32  timers.o(.text)
    pvTimerGetTimerID                        0x08003343   Thumb Code    20  timers.o(.text)
    vTimerSetTimerID                         0x08003357   Thumb Code    20  timers.o(.text)
    pxPortInitialiseStack                    0x08003399   Thumb Code    26  port.o(.text)
    vPortSetupTimerInterrupt                 0x080033b3   Thumb Code    14  port.o(.text)
    xPortStartScheduler                      0x080033c1   Thumb Code    50  port.o(.text)
    vPortEndScheduler                        0x080033f3   Thumb Code     2  port.o(.text)
    vPortYield                               0x080033f5   Thumb Code    18  port.o(.text)
    vPortEnterCritical                       0x08003407   Thumb Code    26  port.o(.text)
    vPortExitCritical                        0x08003421   Thumb Code    26  port.o(.text)
    xPortSysTickHandler                      0x0800343b   Thumb Code    28  port.o(.text)
    pvPortMalloc                             0x08003497   Thumb Code   164  heap_2.o(.text)
    vPortFree                                0x0800353b   Thumb Code    56  heap_2.o(.text)
    xPortGetFreeHeapSize                     0x08003573   Thumb Code     6  heap_2.o(.text)
    vPortInitialiseBlocks                    0x08003579   Thumb Code     2  heap_2.o(.text)
    __aeabi_memcpy                           0x08003591   Thumb Code    36  memcpya.o(.text)
    __aeabi_memcpy4                          0x08003591   Thumb Code     0  memcpya.o(.text)
    __aeabi_memcpy8                          0x08003591   Thumb Code     0  memcpya.o(.text)
    __aeabi_memset                           0x080035b5   Thumb Code    14  memseta.o(.text)
    __aeabi_memset4                          0x080035b5   Thumb Code     0  memseta.o(.text)
    __aeabi_memset8                          0x080035b5   Thumb Code     0  memseta.o(.text)
    __aeabi_memclr                           0x080035c3   Thumb Code     4  memseta.o(.text)
    __aeabi_memclr4                          0x080035c3   Thumb Code     0  memseta.o(.text)
    __aeabi_memclr8                          0x080035c3   Thumb Code     0  memseta.o(.text)
    _memset$wrapper                          0x080035c7   Thumb Code    20  memseta.o(.text)
    strcmp                                   0x080035db   Thumb Code    28  strcmp.o(.text)
    __aeabi_uidiv                            0x080035f7   Thumb Code     0  uidiv.o(.text)
    __aeabi_uidivmod                         0x080035f7   Thumb Code    44  uidiv.o(.text)
    __scatterload                            0x08003625   Thumb Code    28  init.o(.text)
    __scatterload_rt2                        0x08003625   Thumb Code     0  init.o(.text)
    __0printf$3                              0x08003649   Thumb Code    22  printf3.o(i.__0printf$3)
    __1printf$3                              0x08003649   Thumb Code     0  printf3.o(i.__0printf$3)
    __2printf                                0x08003649   Thumb Code     0  printf3.o(i.__0printf$3)
    __scatterload_copy                       0x08003669   Thumb Code    14  handlers.o(i.__scatterload_copy)
    __scatterload_null                       0x08003677   Thumb Code     2  handlers.o(i.__scatterload_null)
    __scatterload_zeroinit                   0x08003679   Thumb Code    14  handlers.o(i.__scatterload_zeroinit)
    Region$$Table$$Base                      0x0800383c   Number         0  anon$$obj.o(Region$$Table)
    Region$$Table$$Limit                     0x0800385c   Number         0  anon$$obj.o(Region$$Table)
    Receive_Timer                            0x20000000   Data           4  main.o(.data)
    HSEStartUpStatus                         0x20000004   Data           1  main.o(.data)
    MsgQueue                                 0x20000008   Data           4  main.o(.data)
    CmdMsg                                   0x2000000c   Data           4  main.o(.data)
    index_receive                            0x20000010   Data           4  uart.o(.data)
    SystemCoreClock                          0x20000028   Data           4  system_stm32f10x.o(.data)
    AHBPrescTable                            0x2000002c   Data          16  system_stm32f10x.o(.data)
    pxCurrentTCB                             0x2000003c   Data           4  tasks.o(.data)
    __stdout                                 0x200000a0   Data           4  stdout.o(.data)
    USART_RX_BUF                             0x200000a4   Data          64  uart.o(.bss)
    __initial_sp                             0x200049d8   Data           0  startup_stm32f10x_hd.o(STACK)



==============================================================================

Memory Map of the image

  Image Entry point : 0x08000131

  Load Region LR_IROM1 (Base: 0x08000000, Size: 0x00003900, Max: 0x00080000, ABSOLUTE)

    Execution Region ER_IROM1 (Base: 0x08000000, Size: 0x0000385c, Max: 0x00080000, ABSOLUTE)

    Base Addr    Size         Type   Attr      Idx    E Section Name        Object

    0x08000000   0x00000130   Data   RO          549    RESET               startup_stm32f10x_hd.o
    0x08000130   0x00000000   Code   RO          692  * .ARM.Collect$$$$00000000  mc_w.l(entry.o)(mc_w.l)
    0x08000130   0x00000004   Code   RO          964    .ARM.Collect$$$$00000001  mc_w.l(entry2.o)(mc_w.l)
    0x08000134   0x00000004   Code   RO          967    .ARM.Collect$$$$00000004  mc_w.l(entry5.o)(mc_w.l)
    0x08000138   0x00000008   Code   RO          968    .ARM.Collect$$$$00000007  mc_w.l(entry7.o)(mc_w.l)
    0x08000140   0x00000004   Code   RO          965    .ARM.Collect$$$$00002712  mc_w.l(entry2.o)(mc_w.l)
    0x08000144   0x000000a2   Code   RO          653    .emb_text           port.o
    0x080001e6   0x00000002   PAD
    0x080001e8   0x00000318   Code   RO            1    .text               main.o
    0x08000500   0x0000001a   Code   RO          151    .text               stm32f10x_it.o
    0x0800051a   0x00000002   PAD
    0x0800051c   0x00000098   Code   RO          166    .text               uart.o
    0x080005b4   0x000000f8   Code   RO          186    .text               misc.o
    0x080006ac   0x000005c8   Code   RO          305    .text               stm32f10x_flash.o
    0x08000c74   0x00000358   Code   RO          329    .text               stm32f10x_gpio.o
    0x08000fcc   0x000003a4   Code   RO          341    .text               stm32f10x_rcc.o
    0x08001370   0x0000040c   Code   RO          367    .text               stm32f10x_usart.o
    0x0800177c   0x00000024   Code   RO          550    .text               startup_stm32f10x_hd.o
    0x080017a0   0x000001c8   Code   RO          555    .text               system_stm32f10x.o
    0x08001968   0x00000094   Code   RO          583    .text               list.o
    0x080019fc   0x000005d4   Code   RO          604    .text               queue.o
    0x08001fd0   0x00000fbc   Code   RO          619    .text               tasks.o
    0x08002f8c   0x00000404   Code   RO          638    .text               timers.o
    0x08003390   0x000000dc   Code   RO          654    .text               port.o
    0x0800346c   0x00000124   Code   RO          677    .text               heap_2.o
    0x08003590   0x00000024   Code   RO          695    .text               mc_w.l(memcpya.o)(mc_w.l)
    0x080035b4   0x00000026   Code   RO          697    .text               mc_w.l(memseta.o)(mc_w.l)
    0x080035da   0x0000001c   Code   RO          699    .text               mc_w.l(strcmp.o)(mc_w.l)
    0x080035f6   0x0000002c   Code   RO          970    .text               mc_w.l(uidiv.o)(mc_w.l)
    0x08003622   0x00000002   PAD
    0x08003624   0x00000024   Code   RO          985    .text               mc_w.l(init.o)(mc_w.l)
    0x08003648   0x00000020   Code   RO          792    i.__0printf$3       mc_w.l(printf3.o)(mc_w.l)
    0x08003668   0x0000000e   Code   RO          997    i.__scatterload_copy  mc_w.l(handlers.o)(mc_w.l)
    0x08003676   0x00000002   Code   RO          998    i.__scatterload_null  mc_w.l(handlers.o)(mc_w.l)
    0x08003678   0x0000000e   Code   RO          999    i.__scatterload_zeroinit  mc_w.l(handlers.o)(mc_w.l)
    0x08003686   0x00000002   PAD
    0x08003688   0x000001b4   Code   RO          799    i._printf_core      mc_w.l(printf3.o)(mc_w.l)
    0x0800383c   0x00000020   Data   RO          995    Region$$Table       anon$$obj.o


    Execution Region RW_IRAM1 (Base: 0x20000000, Size: 0x000049d8, Max: 0x00010000, ABSOLUTE)

    Base Addr    Size         Type   Attr      Idx    E Section Name        Object

    0x20000000   0x00000010   Data   RW            2    .data               main.o
    0x20000010   0x00000004   Data   RW          168    .data               uart.o
    0x20000014   0x00000014   Data   RW          342    .data               stm32f10x_rcc.o
    0x20000028   0x00000014   Data   RW          556    .data               system_stm32f10x.o
    0x2000003c   0x00000038   Data   RW          621    .data               tasks.o
    0x20000074   0x00000010   Data   RW          640    .data               timers.o
    0x20000084   0x00000004   Data   RW          655    .data               port.o
    0x20000088   0x00000018   Data   RW          679    .data               heap_2.o
    0x200000a0   0x00000004   Data   RW          969    .data               mc_w.l(stdout.o)(mc_w.l)
    0x200000a4   0x00000040   Zero   RW          167    .bss                uart.o
    0x200000e4   0x000000c8   Zero   RW          620    .bss                tasks.o
    0x200001ac   0x00000028   Zero   RW          639    .bss                timers.o
    0x200001d4   0x00004400   Zero   RW          678    .bss                heap_2.o
    0x200045d4   0x00000004   PAD
    0x200045d8   0x00000400   Zero   RW          547    STACK               startup_stm32f10x_hd.o


==============================================================================

Image component sizes


      Code (inc. data)   RO Data    RW Data    ZI Data      Debug   Object Name

       292         22          0         24      17408          0   heap_2.o
       148          0          0          0          0          0   list.o
       792        160          0         16          0          0   main.o
       248         30          0          0          0          0   misc.o
       382         34          0          4          0          0   port.o
      1492          0          0          0          0          0   queue.o
        36          8        304          0       1024          0   startup_stm32f10x_hd.o
      1480         52          0          0          0          0   stm32f10x_flash.o
       856         40          0          0          0          0   stm32f10x_gpio.o
        26          0          0          0          0          0   stm32f10x_it.o
       932         52          0         20          0          0   stm32f10x_rcc.o
      1036         20          0          0          0          0   stm32f10x_usart.o
       456         36          0         20          0          0   system_stm32f10x.o
      4028        242          0         56        200          0   tasks.o
      1028         48          0         16         40          0   timers.o
       152         18          0          4         64          0   uart.o

    ----------------------------------------------------------------------
     13388        762        336        160      18740          0   Object Totals
         0          0         32          0          0          0   (incl. Generated)
         4          0          0          0          4          2   (incl. Padding)

    ----------------------------------------------------------------------

      Code (inc. data)   RO Data    RW Data    ZI Data      Debug   Library Member Name

         0          0          0          0          0          0   entry.o
         8          4          0          0          0          0   entry2.o
         4          0          0          0          0          0   entry5.o
         8          4          0          0          0          0   entry7.o
        30          0          0          0          0          0   handlers.o
        36          8          0          0          0          0   init.o
        36          0          0          0          0          0   memcpya.o
        38          0          0          0          0          0   memseta.o
       468         16          0          0          0          0   printf3.o
         0          0          0          4          0          0   stdout.o
        28          0          0          0          0          0   strcmp.o
        44          0          0          0          0          0   uidiv.o

    ----------------------------------------------------------------------
       704         32          0          4          0          0   Library Totals
         4          0          0          0          0          0   (incl. Padding)

    ----------------------------------------------------------------------

      Code (inc. data)   RO Data    RW Data    ZI Data      Debug   Library Name

       700         32          0          4          0        580   mc_w.l

    ----------------------------------------------------------------------
       704         32          0          4          0          0   Library Totals

    ----------------------------------------------------------------------

==============================================================================


      Code (inc. data)   RO Data    RW Data    ZI Data      Debug   

     14092        794        336        164      18740     557768   Grand Totals
     14092        794        336        164      18740     557768   ELF Image Totals
     14092        794        336        164          0          0   ROM Totals

==============================================================================

    Total RO  Size (Code + RO Data)                14428 (  14.09kB)
    Total RW  Size (RW Data + ZI Data)             18904 (  18.46kB)
    Total ROM Size (Code + RO Data + RW Data)      14592 (  14.25kB)

==============================================================================

